2026-02-19 12:23:00,619 - INFO - ============================================================
2026-02-19 12:23:00,620 - INFO - MAPPER STARTING  —  report month: 2026-01
2026-02-19 12:23:00,620 - INFO - PDF: downloads/participation_summary_january_2026.pdf
2026-02-19 12:23:00,620 - INFO - ============================================================
2026-02-19 12:23:00,620 - INFO - File verified: config.json
2026-02-19 12:23:00,620 - INFO - Step 1: Parsing current month PDF...
2026-02-19 12:23:00,620 - INFO - File verified: PDF file
2026-02-19 12:23:00,640 - INFO - PDF 'participation_summary_january_2026.pdf': page size 1008 x 612
2026-02-19 12:23:00,989 - INFO - Section 'employer_registration': region='left', text length=1097 chars
2026-02-19 12:23:00,989 - INFO -   [text line  0] CalSavers Retirement S
2026-02-19 12:23:00,989 - INFO -   [text line  1] Participation & Funding Sna
2026-02-19 12:23:00,989 - INFO -   [text line  2] Employer Registration Status Changes
2026-02-19 12:23:00,989 - INFO -   [text line  3] Employer Status 1/31/2026 10/31/2025 Change % Change Pa
2026-02-19 12:23:00,989 - INFO -   [text line  4] Registered 272,054 174,914 97,140 55.5% Fu
2026-02-19 12:23:00,989 - INFO -   [text line  5] Uploaded Roster 236,777 160,300 76,477 47.7% Pa
2026-02-19 12:23:00,989 - INFO -   [text line  6] Started Payroll Deductions 67,238 61,830 5,408 8.7% Mu
2026-02-19 12:23:00,989 - INFO -   [text line  7] Facilitated Deductions in last 90 days 44,726 40,169 4,557 11.3% Se
2026-02-19 12:23:00,989 - INFO -   [text line  8] Exempt 231,162 145,579 85,583 58.8% Eff
2026-02-19 12:23:00,989 - INFO -   [text line  9] Status of Eligible Employers by Wave
2026-02-19 12:23:00,990 - INFO -   [text line 10] Total Fu
2026-02-19 12:23:00,990 - INFO -   [text line 11] Total Employers Employer
2026-02-19 12:23:00,990 - INFO -   [text line 12] Employers Employers Estimated
2026-02-19 12:23:00,990 - INFO -   [text line 13] Wave (Deadline) Employers Sent Response To
2026-02-19 12:23:00,990 - INFO -   [text line 14] Registered Exempted Eligible
2026-02-19 12:23:00,990 - INFO - Section 'employer_registration': current date = 01/31/2026
2026-02-19 12:23:00,990 - INFO -   [employer_registration] 'Registered' -> CSAIRAD.EMPLOYERS.REGISTERED.M = 272054  (raw: '272,054')
2026-02-19 12:23:00,991 - INFO -   [employer_registration] 'Uploaded Roster' -> CSAIRAD.EMPLOYERS.UPLOADEDROSTER.M = 236777  (raw: '236,777')
2026-02-19 12:23:00,991 - INFO -   [employer_registration] 'Started Payroll Deductions' -> CSAIRAD.EMPLOYERS.STARTEDPAYROLLDEDUCTIONS.M = 67238  (raw: '67,238')
2026-02-19 12:23:00,991 - INFO -   [employer_registration] 'Facilitated Deductions in last 90 days' -> CSAIRAD.EMPLOYERS.FACILITATINGDEDUCTIONS.M = 44726  (raw: '44,726')
2026-02-19 12:23:00,991 - INFO -   [employer_registration] 'Exempt' -> CSAIRAD.EMPLOYERS.EXEMPTED.M = 231162  (raw: '231,162')
2026-02-19 12:23:00,991 - INFO - Section 'employer_registration': 5/5 fields extracted
2026-02-19 12:23:01,003 - INFO - Section 'participant_savings': region='right', text length=1215 chars
2026-02-19 12:23:01,003 - INFO -   [text line  0] ment Savings Program
2026-02-19 12:23:01,003 - INFO -   [text line  1] www.treasurer.ca.gov/calsavers/reports/2026
2026-02-19 12:23:01,003 - INFO -   [text line  2] g Snapshot as of 1/31/2026
2026-02-19 12:23:01,003 - INFO -   [text line  3] Participant Savings and Enrollment Changes
2026-02-19 12:23:01,003 - INFO -   [text line  4] Participant Account Status 1/31/2026 10/31/2025 Change % Change
2026-02-19 12:23:01,003 - INFO -   [text line  5] Funded Accounts 605,211 582,631 22,580 3.9%
2026-02-19 12:23:01,003 - INFO -   [text line  6] Payroll Contributing Accounts 721,900 693,425 28,475 4.1%
2026-02-19 12:23:01,004 - INFO -   [text line  7] Multiple Employer Accounts* 114,075 105,576 8,499 8.1%
2026-02-19 12:23:01,004 - INFO -   [text line  8] Self-Enrolled Funded Accounts 3,270 3,129 141 4.5%
2026-02-19 12:23:01,004 - INFO -   [text line  9] Effective Opt-Out Rate 35.57% 34.69% 0.88% 2.5%
2026-02-19 12:23:01,004 - INFO -   [text line 10] Funding Amounts and Withdrawals
2026-02-19 12:23:01,004 - INFO -   [text line 11] Funding Amounts 12/31/2025 9/30/2025 Change % Change
2026-02-19 12:23:01,004 - INFO -   [text line 12] Total Assets $1,643,775,197 $1,532,218,572 $111,556,625 7.3%
2026-02-19 12:23:01,004 - INFO -   [text line 13] Average Funded Account Balance $2,716 $2,630 $86 3.3%
2026-02-19 12:23:01,004 - INFO -   [text line 14] Median Funded Account Balance $663 $674 -$11 -1.6%
2026-02-19 12:23:01,004 - INFO - Section 'participant_savings': current date = 01/31/2026
2026-02-19 12:23:01,005 - INFO -   [participant_savings] 'Funded Accounts' -> CSAIRAD.PARTICIPANTS.FUNDEDACCOUNTS.M = 605211  (raw: '605,211')
2026-02-19 12:23:01,005 - INFO -   [participant_savings] 'Payroll Contributing Accounts' -> CSAIRAD.PARTICIPANTS.PAYROLLCONTRIBUTINGACCOUNTS.M = 721900  (raw: '721,900')
2026-02-19 12:23:01,005 - INFO -   [participant_savings] 'Multiple Employer Accounts' -> CSAIRAD.PARTICIPANTS.MULTIPLEEMPLOYERACCOUNTS.M = 114075  (raw: '114,075')
2026-02-19 12:23:01,005 - INFO -   [participant_savings] 'Self-Enrolled Funded Accounts' -> CSAIRAD.PARTICIPANTS.SELFENROLLEDFUNDEDACCOUNTS.M = 3270  (raw: '3,270')
2026-02-19 12:23:01,006 - INFO -   [participant_savings] 'Effective Opt-Out Rate' -> CSAIRAD.PARTICIPANTS.EFFECTIVEOPTOUTRATE.M = 35.57  (raw: '35.57%')
2026-02-19 12:23:01,006 - INFO - Section 'participant_savings': 5/5 fields extracted
2026-02-19 12:23:01,006 - INFO - Section 'funding_amounts': region='right', text length=1215 chars
2026-02-19 12:23:01,006 - INFO -   [text line  0] ment Savings Program
2026-02-19 12:23:01,006 - INFO -   [text line  1] www.treasurer.ca.gov/calsavers/reports/2026
2026-02-19 12:23:01,006 - INFO -   [text line  2] g Snapshot as of 1/31/2026
2026-02-19 12:23:01,006 - INFO -   [text line  3] Participant Savings and Enrollment Changes
2026-02-19 12:23:01,006 - INFO -   [text line  4] Participant Account Status 1/31/2026 10/31/2025 Change % Change
2026-02-19 12:23:01,006 - INFO -   [text line  5] Funded Accounts 605,211 582,631 22,580 3.9%
2026-02-19 12:23:01,006 - INFO -   [text line  6] Payroll Contributing Accounts 721,900 693,425 28,475 4.1%
2026-02-19 12:23:01,006 - INFO -   [text line  7] Multiple Employer Accounts* 114,075 105,576 8,499 8.1%
2026-02-19 12:23:01,007 - INFO -   [text line  8] Self-Enrolled Funded Accounts 3,270 3,129 141 4.5%
2026-02-19 12:23:01,007 - INFO -   [text line  9] Effective Opt-Out Rate 35.57% 34.69% 0.88% 2.5%
2026-02-19 12:23:01,007 - INFO -   [text line 10] Funding Amounts and Withdrawals
2026-02-19 12:23:01,007 - INFO -   [text line 11] Funding Amounts 12/31/2025 9/30/2025 Change % Change
2026-02-19 12:23:01,007 - INFO -   [text line 12] Total Assets $1,643,775,197 $1,532,218,572 $111,556,625 7.3%
2026-02-19 12:23:01,007 - INFO -   [text line 13] Average Funded Account Balance $2,716 $2,630 $86 3.3%
2026-02-19 12:23:01,007 - INFO -   [text line 14] Median Funded Account Balance $663 $674 -$11 -1.6%
2026-02-19 12:23:01,007 - INFO - Section 'funding_amounts': current date = 12/31/2025
2026-02-19 12:23:01,007 - INFO -   [funding_amounts] 'Total Assets' -> CSAIRAD.FUNDING.TOTALASSETS.M = 1643775197.0  (raw: '$1,643,775,197')
2026-02-19 12:23:01,008 - INFO -   [funding_amounts] 'Average Funded Account Balance' -> CSAIRAD.FUNDING.AVGFUNDEDACCOUNTBAL.M = 2716.0  (raw: '$2,716')
2026-02-19 12:23:01,008 - INFO -   [funding_amounts] 'Total Contributions Amount' -> CSAIRAD.FUNDING.TTLCONTRIBUTIONSAMOUNT.M = 1783312848.0  (raw: '$1,783,312,848')
2026-02-19 12:23:01,008 - INFO -   [funding_amounts] 'Average Monthly Contribution Amount' -> CSAIRAD.FUNDING.AVGMONTHLYCONTRIBUTIONAMOUNT.M = 204.0  (raw: '$204')
2026-02-19 12:23:01,008 - INFO -   [funding_amounts] 'Median Monthly Contribution Amount' -> CSAIRAD.FUNDING.MEDIANMONTHLYCONTRIBUTIONAMOUNT.M = 147.0  (raw: '$147')
2026-02-19 12:23:01,009 - INFO -   [funding_amounts] 'Average Contribution Rate' -> CSAIRAD.FUNDING.AVERAGECONTRIBUTIONRATE.M = 5.26  (raw: '5.26%')
2026-02-19 12:23:01,009 - INFO -   [funding_amounts] 'Amount of Withdrawals' -> CSAIRAD.FUNDING.AMOUNTWITHDRAWALS.M = 534962269.0  (raw: '$534,962,269')
2026-02-19 12:23:01,009 - INFO -   [funding_amounts] 'Accounts with a Full Withdrawal' -> CSAIRAD.FUNDING.ACCOUNTSWITHFULLWITHDRAWAL.M = 182184  (raw: '182,184')
2026-02-19 12:23:01,009 - INFO -   [funding_amounts] 'Accounts with a Partial Withdrawal' -> CSAIRAD.FUNDING.ACCOUNTSWITHPARTIALWITHDRAWAL.M = 35339  (raw: '35,339')
2026-02-19 12:23:01,010 - INFO -   [funding_amounts] 'Withdrawal Rate' -> CSAIRAD.FUNDING.WITHDRAWALRATE.M = 25.24  (raw: '25.24%')
2026-02-19 12:23:01,010 - INFO - Section 'funding_amounts': 10/10 fields extracted
2026-02-19 12:23:01,012 - INFO - Step 2: Section 'funding_amounts' date (12/31/2025) != report month (2026-01) — prior PDF required
2026-02-19 12:23:01,013 - INFO - Step 3: Downloading prior month PDF for comparison...
2026-02-19 12:23:01,013 - INFO - Prior month PDF already cached: downloads\participation_summary_december_2025.pdf
2026-02-19 12:23:01,013 - INFO - File verified: PDF file
2026-02-19 12:23:01,025 - INFO - PDF 'participation_summary_december_2025.pdf': page size 1008 x 612
2026-02-19 12:23:01,291 - INFO - Section 'employer_registration': region='left', text length=1099 chars
2026-02-19 12:23:01,291 - INFO -   [text line  0] CalSavers Retirement S
2026-02-19 12:23:01,291 - INFO -   [text line  1] Participation & Funding Snap
2026-02-19 12:23:01,292 - INFO -   [text line  2] Employer Registration Status Changes
2026-02-19 12:23:01,292 - INFO -   [text line  3] Employer Status 12/31/2025 9/30/2025 Change % Change Pa
2026-02-19 12:23:01,292 - INFO -   [text line  4] Registered 255,793 165,779 90,014 54.3% Fu
2026-02-19 12:23:01,292 - INFO -   [text line  5] Uploaded Roster 212,443 153,199 59,244 38.7% Pa
2026-02-19 12:23:01,292 - INFO -   [text line  6] Started Payroll Deductions 64,237 61,392 2,845 4.6% Mu
2026-02-19 12:23:01,292 - INFO -   [text line  7] Facilitated Deductions in last 90 days 41,887 40,218 1,669 4.1% Se
2026-02-19 12:23:01,292 - INFO -   [text line  8] Exempt 208,412 136,761 71,651 52.4% Eff
2026-02-19 12:23:01,292 - INFO -   [text line  9] Status of Eligible Employers by Wave
2026-02-19 12:23:01,292 - INFO -   [text line 10] Total Fu
2026-02-19 12:23:01,292 - INFO -   [text line 11] Total Employers Employer
2026-02-19 12:23:01,292 - INFO -   [text line 12] Employers Employers Estimated
2026-02-19 12:23:01,292 - INFO -   [text line 13] Wave (Deadline) Employers Sent Response To
2026-02-19 12:23:01,292 - INFO -   [text line 14] Registered Exempted Eligible
2026-02-19 12:23:01,292 - INFO - Section 'employer_registration': current date = 12/31/2025
2026-02-19 12:23:01,292 - INFO -   [employer_registration] 'Registered' -> CSAIRAD.EMPLOYERS.REGISTERED.M = 255793  (raw: '255,793')
2026-02-19 12:23:01,292 - INFO -   [employer_registration] 'Uploaded Roster' -> CSAIRAD.EMPLOYERS.UPLOADEDROSTER.M = 212443  (raw: '212,443')
2026-02-19 12:23:01,293 - INFO -   [employer_registration] 'Started Payroll Deductions' -> CSAIRAD.EMPLOYERS.STARTEDPAYROLLDEDUCTIONS.M = 64237  (raw: '64,237')
2026-02-19 12:23:01,293 - INFO -   [employer_registration] 'Facilitated Deductions in last 90 days' -> CSAIRAD.EMPLOYERS.FACILITATINGDEDUCTIONS.M = 41887  (raw: '41,887')
2026-02-19 12:23:01,293 - INFO -   [employer_registration] 'Exempt' -> CSAIRAD.EMPLOYERS.EXEMPTED.M = 208412  (raw: '208,412')
2026-02-19 12:23:01,293 - INFO - Section 'employer_registration': 5/5 fields extracted
2026-02-19 12:23:01,303 - INFO - Section 'participant_savings': region='right', text length=1203 chars
2026-02-19 12:23:01,303 - INFO -   [text line  0] ment Savings Program
2026-02-19 12:23:01,303 - INFO -   [text line  1] www.treasurer.ca.gov/calsavers/reports/2025
2026-02-19 12:23:01,303 - INFO -   [text line  2] Snapshot as of 12/31/2025
2026-02-19 12:23:01,303 - INFO -   [text line  3] Participant Savings and Enrollment Changes
2026-02-19 12:23:01,303 - INFO -   [text line  4] Participant Account Status 12/31/2025 9/30/2025 Change % Change
2026-02-19 12:23:01,303 - INFO -   [text line  5] Funded Accounts 599,352 579,931 19,421 3.3%
2026-02-19 12:23:01,303 - INFO -   [text line  6] Payroll Contributing Accounts 711,760 685,631 26,129 3.8%
2026-02-19 12:23:01,303 - INFO -   [text line  7] Multiple Employer Accounts* 111,833 104,134 7,699 7.4%
2026-02-19 12:23:01,303 - INFO -   [text line  8] Self-Enrolled Funded Accounts 3,226 3,108 118 3.8%
2026-02-19 12:23:01,303 - INFO -   [text line  9] Effective Opt-Out Rate 35.40% 34.70% 0.70% 2.0%
2026-02-19 12:23:01,303 - INFO -   [text line 10] Funding Amounts and Withdrawals
2026-02-19 12:23:01,303 - INFO -   [text line 11] Funding Amounts 12/31/2025 9/30/2025 Change % Change
2026-02-19 12:23:01,303 - INFO -   [text line 12] Total Assets $1,587,939,563 $1,489,890,539 $98,049,024 6.6%
2026-02-19 12:23:01,303 - INFO -   [text line 13] Average Funded Account Balance $2,649 $2,569 $80 3.1%
2026-02-19 12:23:01,304 - INFO -   [text line 14] Median Funded Account Balance $660 $660 $0 0.0%
2026-02-19 12:23:01,304 - INFO - Section 'participant_savings': current date = 12/31/2025
2026-02-19 12:23:01,304 - INFO -   [participant_savings] 'Funded Accounts' -> CSAIRAD.PARTICIPANTS.FUNDEDACCOUNTS.M = 599352  (raw: '599,352')
2026-02-19 12:23:01,304 - INFO -   [participant_savings] 'Payroll Contributing Accounts' -> CSAIRAD.PARTICIPANTS.PAYROLLCONTRIBUTINGACCOUNTS.M = 711760  (raw: '711,760')
2026-02-19 12:23:01,304 - INFO -   [participant_savings] 'Multiple Employer Accounts' -> CSAIRAD.PARTICIPANTS.MULTIPLEEMPLOYERACCOUNTS.M = 111833  (raw: '111,833')
2026-02-19 12:23:01,304 - INFO -   [participant_savings] 'Self-Enrolled Funded Accounts' -> CSAIRAD.PARTICIPANTS.SELFENROLLEDFUNDEDACCOUNTS.M = 3226  (raw: '3,226')
2026-02-19 12:23:01,304 - INFO -   [participant_savings] 'Effective Opt-Out Rate' -> CSAIRAD.PARTICIPANTS.EFFECTIVEOPTOUTRATE.M = 35.4  (raw: '35.40%')
2026-02-19 12:23:01,304 - INFO - Section 'participant_savings': 5/5 fields extracted
2026-02-19 12:23:01,304 - INFO - Section 'funding_amounts': region='right', text length=1203 chars
2026-02-19 12:23:01,304 - INFO -   [text line  0] ment Savings Program
2026-02-19 12:23:01,304 - INFO -   [text line  1] www.treasurer.ca.gov/calsavers/reports/2025
2026-02-19 12:23:01,304 - INFO -   [text line  2] Snapshot as of 12/31/2025
2026-02-19 12:23:01,304 - INFO -   [text line  3] Participant Savings and Enrollment Changes
2026-02-19 12:23:01,304 - INFO -   [text line  4] Participant Account Status 12/31/2025 9/30/2025 Change % Change
2026-02-19 12:23:01,305 - INFO -   [text line  5] Funded Accounts 599,352 579,931 19,421 3.3%
2026-02-19 12:23:01,305 - INFO -   [text line  6] Payroll Contributing Accounts 711,760 685,631 26,129 3.8%
2026-02-19 12:23:01,305 - INFO -   [text line  7] Multiple Employer Accounts* 111,833 104,134 7,699 7.4%
2026-02-19 12:23:01,305 - INFO -   [text line  8] Self-Enrolled Funded Accounts 3,226 3,108 118 3.8%
2026-02-19 12:23:01,305 - INFO -   [text line  9] Effective Opt-Out Rate 35.40% 34.70% 0.70% 2.0%
2026-02-19 12:23:01,305 - INFO -   [text line 10] Funding Amounts and Withdrawals
2026-02-19 12:23:01,305 - INFO -   [text line 11] Funding Amounts 12/31/2025 9/30/2025 Change % Change
2026-02-19 12:23:01,305 - INFO -   [text line 12] Total Assets $1,587,939,563 $1,489,890,539 $98,049,024 6.6%
2026-02-19 12:23:01,305 - INFO -   [text line 13] Average Funded Account Balance $2,649 $2,569 $80 3.1%
2026-02-19 12:23:01,305 - INFO -   [text line 14] Median Funded Account Balance $660 $660 $0 0.0%
2026-02-19 12:23:01,305 - INFO - Section 'funding_amounts': current date = 12/31/2025
2026-02-19 12:23:01,305 - INFO -   [funding_amounts] 'Total Assets' -> CSAIRAD.FUNDING.TOTALASSETS.M = 1587939563.0  (raw: '$1,587,939,563')
2026-02-19 12:23:01,305 - INFO -   [funding_amounts] 'Average Funded Account Balance' -> CSAIRAD.FUNDING.AVGFUNDEDACCOUNTBAL.M = 2649.0  (raw: '$2,649')
2026-02-19 12:23:01,305 - INFO -   [funding_amounts] 'Total Contributions Amount' -> CSAIRAD.FUNDING.TTLCONTRIBUTIONSAMOUNT.M = 1744084919.0  (raw: '$1,744,084,919')
2026-02-19 12:23:01,305 - INFO -   [funding_amounts] 'Average Monthly Contribution Amount' -> CSAIRAD.FUNDING.AVGMONTHLYCONTRIBUTIONAMOUNT.M = 200.0  (raw: '$200')
2026-02-19 12:23:01,306 - INFO -   [funding_amounts] 'Median Monthly Contribution Amount' -> CSAIRAD.FUNDING.MEDIANMONTHLYCONTRIBUTIONAMOUNT.M = 148.0  (raw: '$148')
2026-02-19 12:23:01,306 - INFO -   [funding_amounts] 'Average Contribution Rate' -> CSAIRAD.FUNDING.AVERAGECONTRIBUTIONRATE.M = 5.21  (raw: '5.21%')
2026-02-19 12:23:01,306 - INFO -   [funding_amounts] 'Amount of Withdrawals' -> CSAIRAD.FUNDING.AMOUNTWITHDRAWALS.M = 463214435.0  (raw: '$463,214,435')
2026-02-19 12:23:01,306 - INFO -   [funding_amounts] 'Accounts with a Full Withdrawal' -> CSAIRAD.FUNDING.ACCOUNTSWITHFULLWITHDRAWAL.M = 177151  (raw: '177,151')
2026-02-19 12:23:01,306 - INFO -   [funding_amounts] 'Accounts with a Partial Withdrawal' -> CSAIRAD.FUNDING.ACCOUNTSWITHPARTIALWITHDRAWAL.M = 34256  (raw: '34,256')
2026-02-19 12:23:01,306 - INFO -   [funding_amounts] 'Withdrawal Rate' -> CSAIRAD.FUNDING.WITHDRAWALRATE.M = 24.89  (raw: '24.89%')
2026-02-19 12:23:01,306 - INFO - Section 'funding_amounts': 10/10 fields extracted
2026-02-19 12:23:01,307 - INFO - Step 4: Applying field mapping logic...
2026-02-19 12:23:01,307 - INFO -   WRITE  'CSAIRAD.FUNDING.TOTALASSETS.M': changed 1587939563.0 -> 1643775197.0
2026-02-19 12:23:01,307 - INFO -   WRITE  'CSAIRAD.FUNDING.AVGFUNDEDACCOUNTBAL.M': changed 2649.0 -> 2716.0
2026-02-19 12:23:01,307 - INFO -   WRITE  'CSAIRAD.FUNDING.TTLCONTRIBUTIONSAMOUNT.M': changed 1744084919.0 -> 1783312848.0
2026-02-19 12:23:01,307 - INFO -   WRITE  'CSAIRAD.FUNDING.AVGMONTHLYCONTRIBUTIONAMOUNT.M': changed 200.0 -> 204.0
2026-02-19 12:23:01,307 - INFO -   WRITE  'CSAIRAD.FUNDING.MEDIANMONTHLYCONTRIBUTIONAMOUNT.M': changed 148.0 -> 147.0
2026-02-19 12:23:01,307 - INFO -   WRITE  'CSAIRAD.FUNDING.AVERAGECONTRIBUTIONRATE.M': changed 5.21 -> 5.26
2026-02-19 12:23:01,307 - INFO -   WRITE  'CSAIRAD.FUNDING.AMOUNTWITHDRAWALS.M': changed 463214435.0 -> 534962269.0
2026-02-19 12:23:01,307 - INFO -   WRITE  'CSAIRAD.FUNDING.ACCOUNTSWITHFULLWITHDRAWAL.M': changed 177151 -> 182184
2026-02-19 12:23:01,307 - INFO -   WRITE  'CSAIRAD.FUNDING.ACCOUNTSWITHPARTIALWITHDRAWAL.M': changed 34256 -> 35339
2026-02-19 12:23:01,307 - INFO -   WRITE  'CSAIRAD.FUNDING.WITHDRAWALRATE.M': changed 24.89 -> 25.24
2026-02-19 12:23:01,307 - INFO - Step 5: Writing row to CSV...
2026-02-19 12:23:01,307 - INFO - CSV not found — creating new file: C:/Users/Execo Training/Desktop/CSAIRAD_M/Copy of CSAIRAD_DATA_20260210 - Data.csv
2026-02-19 12:23:01,308 - INFO - CSV updated: C:/Users/Execo Training/Desktop/CSAIRAD_M/Copy of CSAIRAD_DATA_20260210 - Data.csv
2026-02-19 12:23:01,308 - INFO - Row written: 2026-01,272054,236777,67238,44726,231162,605211,721900,114075,3270,35.57,1643775197.0,2716.0,1783312848.0,204.0,147.0,5.26,534962269.0,182184,35339,25.24
2026-02-19 12:23:01,308 - INFO - Step 6: Writing output file...
2026-02-19 12:23:01,309 - INFO - Output file written: output\2026-01_mapped.csv
2026-02-19 12:23:01,309 - INFO - ============================================================
2026-02-19 12:23:01,309 - INFO - MAPPER COMPLETED  —  row '2026-01' written
2026-02-19 12:23:01,309 - INFO - Fields written : 20/20
2026-02-19 12:23:01,309 - INFO - Fields skipped : 0/20
2026-02-19 12:23:01,309 - INFO - Output file    : output\2026-01_mapped.csv
2026-02-19 12:23:01,309 - INFO - ============================================================
