2026-09-07 10:29:12,513 - INFO - ============================================================
2026-09-07 10:29:12,513 - INFO - STARTING SCRIPT - 20260907_102912
2026-09-07 10:29:12,513 - INFO - ============================================================
2026-09-07 10:29:12,513 - INFO - Fetching: https://www.treasurer.ca.gov/calsavers/reports/2026/index.asp
2026-09-07 10:29:15,233 - INFO - Successfully fetched year page: 2026
2026-09-07 10:29:15,236 - INFO - Latest year found: 2026 -> https://www.treasurer.ca.gov/calsavers/reports/2026/index.asp
2026-09-07 10:29:15,236 - INFO - Fetching: https://www.treasurer.ca.gov/calsavers/reports/2026/index.asp
2026-09-07 10:29:16,366 - INFO -   Found report: Participation Summary Report for the Month Ending August 31, 2026 -> https://www.treasurer.ca.gov/sites/default/files/calsavers/August_2026_Participation_Snapshot_Report.pdf
2026-09-07 10:29:16,366 - INFO -   Found report: Participation Summary Report for the Month Ending July 31, 2026 -> https://www.treasurer.ca.gov/sites/default/files/calsavers/July_2026_Participation_Snapshot_Report.pdf
2026-09-07 10:29:16,366 - INFO -   Found report: Participation Summary Report for the Month Ending June 30, 2026 -> https://www.treasurer.ca.gov/sites/default/files/calsavers/June_2026_Participation_Snapshot_Report.pdf
2026-09-07 10:29:16,366 - INFO -   Found report: Participation Summary Report for the Month Ending May 31, 2026 -> https://www.treasurer.ca.gov/sites/default/files/calsavers/May_2026_Participation_Snapshot_Report.pdf
2026-09-07 10:29:16,366 - INFO -   Found report: Participation Summary Report for the Month Ending April 30, 2026 -> https://www.treasurer.ca.gov/sites/default/files/calsavers/April_2026_Participation_Snapshot_Report.pdf
2026-09-07 10:29:16,366 - INFO -   Found report: Participation Summary Report for the Month Ending March 31, 2026 -> https://www.treasurer.ca.gov/sites/default/files/calsavers/March%202026%20Participation%20Snapshot%20Report.pdf
2026-09-07 10:29:16,366 - INFO -   Found report: Participation Summary Report for the Month Ending February 28, 2026 -> https://www.treasurer.ca.gov/sites/default/files/calsavers/February%202026%20Participation%20Snapshot%20Report.pdf
2026-09-07 10:29:16,366 - INFO -   Found report: Participation Summary Report for the Month Ending January 31, 2026 -> https://www.treasurer.ca.gov/sites/default/files/2026-03/January%202026%20Participation%20Snapshot%20Report.pdf
2026-09-07 10:29:16,366 - INFO - Latest report selected: Participation Summary Report for the Month Ending August 31, 2026
2026-09-07 10:29:16,366 - INFO - URL: https://www.treasurer.ca.gov/sites/default/files/calsavers/August_2026_Participation_Snapshot_Report.pdf
2026-09-07 10:29:16,366 - INFO - Downloading PDF: https://www.treasurer.ca.gov/sites/default/files/calsavers/August_2026_Participation_Snapshot_Report.pdf
2026-09-07 10:29:16,366 - INFO - Saving to: downloads\participation_summary_august_2026.pdf
2026-09-07 10:29:18,393 - INFO - Download complete. File size: 1,584,140 bytes
2026-09-07 10:29:18,393 - INFO - ============================================================
2026-09-07 10:29:18,393 - INFO - SCRAPER COMPLETED — starting mapper...
2026-09-07 10:29:18,393 - INFO - Report : Participation Summary Report for the Month Ending August 31, 2026
2026-09-07 10:29:18,393 - INFO - PDF    : downloads\participation_summary_august_2026.pdf
2026-09-07 10:29:18,394 - INFO - ============================================================
2026-09-07 10:29:18,394 - INFO - Report month detected from filename: 2026-08 ('participation_summary_august_2026.pdf')
2026-09-07 10:29:18,394 - INFO - ============================================================
2026-09-07 10:29:18,395 - INFO - MAPPER STARTING  —  report month: 2026-08
2026-09-07 10:29:18,395 - INFO - PDF: downloads\participation_summary_august_2026.pdf
2026-09-07 10:29:18,395 - INFO - ============================================================
2026-09-07 10:29:18,395 - INFO - File verified: config.json
2026-09-07 10:29:18,407 - INFO - Step 1: Parsing current month PDF...
2026-09-07 10:29:18,407 - INFO - File verified: PDF file
2026-09-07 10:29:18,482 - INFO - PDF 'participation_summary_august_2026.pdf': page size 1008 x 612
2026-09-07 10:29:19,170 - INFO - Section 'employer_registration': region='left', text length=1071 chars
2026-09-07 10:29:19,170 - INFO -   [text line  0] CalSavers Retirement S
2026-09-07 10:29:19,170 - INFO -   [text line  1] Participation & Funding Sna
2026-09-07 10:29:19,170 - INFO -   [text line  2] Employer Registration Status Changes
2026-09-07 10:29:19,170 - INFO -   [text line  3] Employer Status 8/31/2026 5/31/2026 Change % Change Pa
2026-09-07 10:29:19,170 - INFO -   [text line  4] Registered 282,576 283,081 -505 -0.2% Fu
2026-09-07 10:29:19,170 - INFO -   [text line  5] Uploaded Roster 253,879 252,919 960 0.4% Pa
2026-09-07 10:29:19,170 - INFO -   [text line  6] Started Payroll Deductions 79,795 78,164 1,631 2.1% Mu
2026-09-07 10:29:19,170 - INFO -   [text line  7] Facilitated Deductions in last 90 days 51,485 52,724 -1,239 -2.3% Se
2026-09-07 10:29:19,170 - INFO -   [text line  8] Exempt 268,571 257,715 10,856 4.2% Eff
2026-09-07 10:29:19,170 - INFO -   [text line  9] Status of Eligible Employers by Wave
2026-09-07 10:29:19,170 - INFO -   [text line 10] Employers Estimated Employer Fu
2026-09-07 10:29:19,170 - INFO -   [text line 11] Employers Employers Employers
2026-09-07 10:29:19,170 - INFO -   [text line 12] Wave (Deadline) Sent Eligible Response
2026-09-07 10:29:19,170 - INFO -   [text line 13] Registered Exempted Responded To
2026-09-07 10:29:19,170 - INFO -   [text line 14] Payroll Employers Rate
2026-09-07 10:29:19,170 - INFO - Section 'employer_registration': current date = 08/31/2026
2026-09-07 10:29:19,170 - INFO -   [employer_registration] 'Registered' -> CSAIRAD.EMPLOYERS.REGISTERED.M = 282576  (raw: '282,576')
2026-09-07 10:29:19,170 - INFO -   [employer_registration] 'Uploaded Roster' -> CSAIRAD.EMPLOYERS.UPLOADEDROSTER.M = 253879  (raw: '253,879')
2026-09-07 10:29:19,170 - INFO -   [employer_registration] 'Started Payroll Deductions' -> CSAIRAD.EMPLOYERS.STARTEDPAYROLLDEDUCTIONS.M = 79795  (raw: '79,795')
2026-09-07 10:29:19,170 - INFO -   [employer_registration] 'Facilitated Deductions in last 90 days' -> CSAIRAD.EMPLOYERS.FACILITATINGDEDUCTIONS.M = 51485  (raw: '51,485')
2026-09-07 10:29:19,170 - INFO -   [employer_registration] 'Exempt' -> CSAIRAD.EMPLOYERS.EXEMPTED.M = 268571  (raw: '268,571')
2026-09-07 10:29:19,170 - INFO - Section 'employer_registration': 5/5 fields extracted
2026-09-07 10:29:19,186 - INFO - Section 'participant_savings': region='right', text length=1209 chars
2026-09-07 10:29:19,186 - INFO -   [text line  0] ment Savings Program
2026-09-07 10:29:19,186 - INFO -   [text line  1] www.treasurer.ca.gov/calsavers/reports/2026
2026-09-07 10:29:19,186 - INFO -   [text line  2] g Snapshot as of 8/31/2026
2026-09-07 10:29:19,186 - INFO -   [text line  3] Participant Savings and Enrollment Changes
2026-09-07 10:29:19,186 - INFO -   [text line  4] Participant Account Status 8/31/2026 5/31/2026 Change % Change
2026-09-07 10:29:19,186 - INFO -   [text line  5] Funded Accounts 662,734 644,759 17,975 2.8%
2026-09-07 10:29:19,186 - INFO -   [text line  6] Payroll Contributing Accounts 794,973 769,087 25,886 3.4%
2026-09-07 10:29:19,186 - INFO -   [text line  7] Multiple Employer Accounts* 127,858 123,453 4,405 3.6%
2026-09-07 10:29:19,186 - INFO -   [text line  8] Self-Enrolled Funded Accounts 3,568 3,448 120 3.5%
2026-09-07 10:29:19,186 - INFO -   [text line  9] Effective Opt-Out Rate 34.43% 34.87% -0.44% -1.3%
2026-09-07 10:29:19,186 - INFO -   [text line 10] Funding Amounts and Withdrawals
2026-09-07 10:29:19,186 - INFO -   [text line 11] Funding Amounts 8/31/2026 5/31/2026 Change % Change
2026-09-07 10:29:19,186 - INFO -   [text line 12] Total Assets $1,950,268,841 $1,857,646,944 $92,621,897 5.0%
2026-09-07 10:29:19,186 - INFO -   [text line 13] Average Funded Account Balance $2,943 $2,881 $62 2.2%
2026-09-07 10:29:19,186 - INFO -   [text line 14] Median Funded Account Balance $704 $687 $17 2.5%
2026-09-07 10:29:19,186 - INFO - Section 'participant_savings': current date = 08/31/2026
2026-09-07 10:29:19,186 - INFO -   [participant_savings] 'Funded Accounts' -> CSAIRAD.PARTICIPANTS.FUNDEDACCOUNTS.M = 662734  (raw: '662,734')
2026-09-07 10:29:19,186 - INFO -   [participant_savings] 'Payroll Contributing Accounts' -> CSAIRAD.PARTICIPANTS.PAYROLLCONTRIBUTINGACCOUNTS.M = 794973  (raw: '794,973')
2026-09-07 10:29:19,186 - INFO -   [participant_savings] 'Multiple Employer Accounts' -> CSAIRAD.PARTICIPANTS.MULTIPLEEMPLOYERACCOUNTS.M = 127858  (raw: '127,858')
2026-09-07 10:29:19,186 - INFO -   [participant_savings] 'Self-Enrolled Funded Accounts' -> CSAIRAD.PARTICIPANTS.SELFENROLLEDFUNDEDACCOUNTS.M = 3568  (raw: '3,568')
2026-09-07 10:29:19,186 - INFO -   [participant_savings] 'Effective Opt-Out Rate' -> CSAIRAD.PARTICIPANTS.EFFECTIVEOPTOUTRATE.M = 34.43  (raw: '34.43%')
2026-09-07 10:29:19,186 - INFO - Section 'participant_savings': 5/5 fields extracted
2026-09-07 10:29:19,186 - INFO - Section 'funding_amounts': region='right', text length=1209 chars
2026-09-07 10:29:19,186 - INFO -   [text line  0] ment Savings Program
2026-09-07 10:29:19,186 - INFO -   [text line  1] www.treasurer.ca.gov/calsavers/reports/2026
2026-09-07 10:29:19,186 - INFO -   [text line  2] g Snapshot as of 8/31/2026
2026-09-07 10:29:19,186 - INFO -   [text line  3] Participant Savings and Enrollment Changes
2026-09-07 10:29:19,186 - INFO -   [text line  4] Participant Account Status 8/31/2026 5/31/2026 Change % Change
2026-09-07 10:29:19,186 - INFO -   [text line  5] Funded Accounts 662,734 644,759 17,975 2.8%
2026-09-07 10:29:19,186 - INFO -   [text line  6] Payroll Contributing Accounts 794,973 769,087 25,886 3.4%
2026-09-07 10:29:19,186 - INFO -   [text line  7] Multiple Employer Accounts* 127,858 123,453 4,405 3.6%
2026-09-07 10:29:19,186 - INFO -   [text line  8] Self-Enrolled Funded Accounts 3,568 3,448 120 3.5%
2026-09-07 10:29:19,186 - INFO -   [text line  9] Effective Opt-Out Rate 34.43% 34.87% -0.44% -1.3%
2026-09-07 10:29:19,186 - INFO -   [text line 10] Funding Amounts and Withdrawals
2026-09-07 10:29:19,186 - INFO -   [text line 11] Funding Amounts 8/31/2026 5/31/2026 Change % Change
2026-09-07 10:29:19,186 - INFO -   [text line 12] Total Assets $1,950,268,841 $1,857,646,944 $92,621,897 5.0%
2026-09-07 10:29:19,186 - INFO -   [text line 13] Average Funded Account Balance $2,943 $2,881 $62 2.2%
2026-09-07 10:29:19,186 - INFO -   [text line 14] Median Funded Account Balance $704 $687 $17 2.5%
2026-09-07 10:29:19,186 - INFO - Section 'funding_amounts': current date = 08/31/2026
2026-09-07 10:29:19,186 - INFO -   [funding_amounts] 'Total Assets' -> CSAIRAD.FUNDING.TOTALASSETS.M = 1950268841.0  (raw: '$1,950,268,841')
2026-09-07 10:29:19,186 - INFO -   [funding_amounts] 'Average Funded Account Balance' -> CSAIRAD.FUNDING.AVGFUNDEDACCOUNTBAL.M = 2943.0  (raw: '$2,943')
2026-09-07 10:29:19,186 - INFO -   [funding_amounts] 'Total Contributions Amount' -> CSAIRAD.FUNDING.TTLCONTRIBUTIONSAMOUNT.M = 2091719418.0  (raw: '$2,091,719,418')
2026-09-07 10:29:19,202 - INFO -   [funding_amounts] 'Average Monthly Contribution Amount' -> CSAIRAD.FUNDING.AVGMONTHLYCONTRIBUTIONAMOUNT.M = 203.0  (raw: '$203')
2026-09-07 10:29:19,202 - INFO -   [funding_amounts] 'Median Monthly Contribution Amount' -> CSAIRAD.FUNDING.MEDIANMONTHLYCONTRIBUTIONAMOUNT.M = 151.0  (raw: '$151')
2026-09-07 10:29:19,202 - INFO -   [funding_amounts] 'Average Contribution Rate' -> CSAIRAD.FUNDING.AVERAGECONTRIBUTIONRATE.M = 5.24  (raw: '5.24%')
2026-09-07 10:29:19,202 - INFO -   [funding_amounts] 'Amount of Withdrawals' -> CSAIRAD.FUNDING.AMOUNTWITHDRAWALS.M = 675647142.0  (raw: '$675,647,142')
2026-09-07 10:29:19,202 - INFO -   [funding_amounts] 'Accounts with a Full Withdrawal' -> CSAIRAD.FUNDING.ACCOUNTSWITHFULLWITHDRAWAL.M = 205784  (raw: '205,784')
2026-09-07 10:29:19,202 - INFO -   [funding_amounts] 'Accounts with a Partial Withdrawal' -> CSAIRAD.FUNDING.ACCOUNTSWITHPARTIALWITHDRAWAL.M = 41864  (raw: '41,864')
2026-09-07 10:29:19,202 - INFO -   [funding_amounts] 'Withdrawal Rate' -> CSAIRAD.FUNDING.WITHDRAWALRATE.M = 25.89  (raw: '25.89%')
2026-09-07 10:29:19,202 - INFO - Section 'funding_amounts': 10/10 fields extracted
2026-09-07 10:29:19,202 - INFO - Step 3: All section dates match report month — no prior PDF needed
2026-09-07 10:29:19,202 - INFO - Step 4: Applying field mapping logic...
2026-09-07 10:29:19,202 - INFO - Step 5: Writing row to CSV...
2026-09-07 10:29:19,202 - INFO - CSV not found — creating new file: C:/Users/Execo Training/Desktop/CSAIRAD_M/Copy of CSAIRAD_DATA_20260210 - Data.csv
2026-09-07 10:29:19,202 - ERROR - ============================================================
2026-09-07 10:29:19,202 - ERROR - UNEXPECTED ERROR
2026-09-07 10:29:19,202 - ERROR - Type   : FileNotFoundError
2026-09-07 10:29:19,202 - ERROR - Message: [Errno 2] No such file or directory: 'C:/Users/Execo Training/Desktop/CSAIRAD_M/Copy of CSAIRAD_DATA_20260210 - Data.csv'
2026-09-07 10:29:19,202 - ERROR - ============================================================
2026-09-07 10:29:19,202 - ERROR - Traceback (most recent call last):
  File "D:\Projects\CSAIRAD_M\calsavers_mapper.py", line 709, in main
    append_to_csv(row, report_month, config)
  File "D:\Projects\CSAIRAD_M\calsavers_mapper.py", line 583, in append_to_csv
    with open(csv_path, 'w', encoding='utf-8', newline='') as f:
         ^^^^^^^^^^^^^^^^^^^^^^^^^^^^^^^^^^^^^^^^^^^^^^^^^
FileNotFoundError: [Errno 2] No such file or directory: 'C:/Users/Execo Training/Desktop/CSAIRAD_M/Copy of CSAIRAD_DATA_20260210 - Data.csv'

2026-09-07 10:29:19,202 - ERROR - Mapper returned an error — check mapper log for details
