2026-09-07 10:46:07,378 - INFO - ============================================================
2026-09-07 10:46:07,382 - INFO - STARTING SCRIPT - 20260907_104607
2026-09-07 10:46:07,382 - INFO - ============================================================
2026-09-07 10:46:07,382 - INFO - Fetching: https://www.treasurer.ca.gov/calsavers/reports/2026/index.asp
2026-09-07 10:46:09,948 - INFO - Year list discovered from page 2026: [2026, 2025, 2024, 2023, 2022, 2021, 2020, 2019, 2018, 2017]
2026-09-07 10:46:09,948 - INFO - Fetching: https://www.treasurer.ca.gov/calsavers/reports/2026/index.asp
2026-09-07 10:46:11,095 - INFO -   Found report: Participation Summary Report for the Month Ending August 31, 2026 -> https://www.treasurer.ca.gov/sites/default/files/calsavers/August_2026_Participation_Snapshot_Report.pdf
2026-09-07 10:46:11,099 - INFO -   Found report: Participation Summary Report for the Month Ending July 31, 2026 -> https://www.treasurer.ca.gov/sites/default/files/calsavers/July_2026_Participation_Snapshot_Report.pdf
2026-09-07 10:46:11,099 - INFO -   Found report: Participation Summary Report for the Month Ending June 30, 2026 -> https://www.treasurer.ca.gov/sites/default/files/calsavers/June_2026_Participation_Snapshot_Report.pdf
2026-09-07 10:46:11,099 - INFO -   Found report: Participation Summary Report for the Month Ending May 31, 2026 -> https://www.treasurer.ca.gov/sites/default/files/calsavers/May_2026_Participation_Snapshot_Report.pdf
2026-09-07 10:46:11,099 - INFO -   Found report: Participation Summary Report for the Month Ending April 30, 2026 -> https://www.treasurer.ca.gov/sites/default/files/calsavers/April_2026_Participation_Snapshot_Report.pdf
2026-09-07 10:46:11,099 - INFO -   Found report: Participation Summary Report for the Month Ending March 31, 2026 -> https://www.treasurer.ca.gov/sites/default/files/calsavers/March%202026%20Participation%20Snapshot%20Report.pdf
2026-09-07 10:46:11,099 - INFO -   Found report: Participation Summary Report for the Month Ending February 28, 2026 -> https://www.treasurer.ca.gov/sites/default/files/calsavers/February%202026%20Participation%20Snapshot%20Report.pdf
2026-09-07 10:46:11,099 - INFO -   Found report: Participation Summary Report for the Month Ending January 31, 2026 -> https://www.treasurer.ca.gov/sites/default/files/2026-03/January%202026%20Participation%20Snapshot%20Report.pdf
2026-09-07 10:46:11,099 - INFO - Latest report year  : 2026
2026-09-07 10:46:11,099 - INFO - Latest report selected: Participation Summary Report for the Month Ending August 31, 2026
2026-09-07 10:46:11,103 - INFO - URL: https://www.treasurer.ca.gov/sites/default/files/calsavers/August_2026_Participation_Snapshot_Report.pdf
2026-09-07 10:46:11,103 - INFO - Downloading PDF: https://www.treasurer.ca.gov/sites/default/files/calsavers/August_2026_Participation_Snapshot_Report.pdf
2026-09-07 10:46:11,103 - INFO - Saving to: downloads\participation_summary_august_2026.pdf
2026-09-07 10:46:12,953 - INFO - Download complete. File size: 1,584,140 bytes
2026-09-07 10:46:12,953 - INFO - ============================================================
2026-09-07 10:46:12,953 - INFO - SCRAPER COMPLETED — starting mapper...
2026-09-07 10:46:12,953 - INFO - Report : Participation Summary Report for the Month Ending August 31, 2026
2026-09-07 10:46:12,953 - INFO - PDF    : downloads\participation_summary_august_2026.pdf
2026-09-07 10:46:12,953 - INFO - ============================================================
2026-09-07 10:46:12,953 - INFO - Report month detected from filename: 2026-08 ('participation_summary_august_2026.pdf')
2026-09-07 10:46:12,957 - INFO - ============================================================
2026-09-07 10:46:12,957 - INFO - MAPPER STARTING  —  report month: 2026-08
2026-09-07 10:46:12,957 - INFO - PDF: downloads\participation_summary_august_2026.pdf
2026-09-07 10:46:12,957 - INFO - ============================================================
2026-09-07 10:46:12,957 - INFO - File verified: config.json
2026-09-07 10:46:12,957 - INFO - Step 1: Parsing current month PDF...
2026-09-07 10:46:12,957 - INFO - File verified: PDF file
2026-09-07 10:46:13,021 - INFO - PDF 'participation_summary_august_2026.pdf': page size 1008 x 612
2026-09-07 10:46:14,115 - INFO - Section 'employer_registration': region='left', text length=1071 chars
2026-09-07 10:46:14,115 - INFO -   [text line  0] CalSavers Retirement S
2026-09-07 10:46:14,116 - INFO -   [text line  1] Participation & Funding Sna
2026-09-07 10:46:14,116 - INFO -   [text line  2] Employer Registration Status Changes
2026-09-07 10:46:14,116 - INFO -   [text line  3] Employer Status 8/31/2026 5/31/2026 Change % Change Pa
2026-09-07 10:46:14,116 - INFO -   [text line  4] Registered 282,576 283,081 -505 -0.2% Fu
2026-09-07 10:46:14,116 - INFO -   [text line  5] Uploaded Roster 253,879 252,919 960 0.4% Pa
2026-09-07 10:46:14,116 - INFO -   [text line  6] Started Payroll Deductions 79,795 78,164 1,631 2.1% Mu
2026-09-07 10:46:14,116 - INFO -   [text line  7] Facilitated Deductions in last 90 days 51,485 52,724 -1,239 -2.3% Se
2026-09-07 10:46:14,116 - INFO -   [text line  8] Exempt 268,571 257,715 10,856 4.2% Eff
2026-09-07 10:46:14,116 - INFO -   [text line  9] Status of Eligible Employers by Wave
2026-09-07 10:46:14,116 - INFO -   [text line 10] Employers Estimated Employer Fu
2026-09-07 10:46:14,120 - INFO -   [text line 11] Employers Employers Employers
2026-09-07 10:46:14,120 - INFO -   [text line 12] Wave (Deadline) Sent Eligible Response
2026-09-07 10:46:14,120 - INFO -   [text line 13] Registered Exempted Responded To
2026-09-07 10:46:14,127 - INFO -   [text line 14] Payroll Employers Rate
2026-09-07 10:46:14,127 - INFO - Section 'employer_registration': current date = 08/31/2026
2026-09-07 10:46:14,130 - INFO -   [employer_registration] 'Registered' -> CSAIRAD.EMPLOYERS.REGISTERED.M = 282576  (raw: '282,576')
2026-09-07 10:46:14,130 - INFO -   [employer_registration] 'Uploaded Roster' -> CSAIRAD.EMPLOYERS.UPLOADEDROSTER.M = 253879  (raw: '253,879')
2026-09-07 10:46:14,134 - INFO -   [employer_registration] 'Started Payroll Deductions' -> CSAIRAD.EMPLOYERS.STARTEDPAYROLLDEDUCTIONS.M = 79795  (raw: '79,795')
2026-09-07 10:46:14,134 - INFO -   [employer_registration] 'Facilitated Deductions in last 90 days' -> CSAIRAD.EMPLOYERS.FACILITATINGDEDUCTIONS.M = 51485  (raw: '51,485')
2026-09-07 10:46:14,134 - INFO -   [employer_registration] 'Exempt' -> CSAIRAD.EMPLOYERS.EXEMPTED.M = 268571  (raw: '268,571')
2026-09-07 10:46:14,138 - INFO - Section 'employer_registration': 5/5 fields extracted
2026-09-07 10:46:14,178 - INFO - Section 'participant_savings': region='right', text length=1209 chars
2026-09-07 10:46:14,178 - INFO -   [text line  0] ment Savings Program
2026-09-07 10:46:14,178 - INFO -   [text line  1] www.treasurer.ca.gov/calsavers/reports/2026
2026-09-07 10:46:14,182 - INFO -   [text line  2] g Snapshot as of 8/31/2026
2026-09-07 10:46:14,182 - INFO -   [text line  3] Participant Savings and Enrollment Changes
2026-09-07 10:46:14,182 - INFO -   [text line  4] Participant Account Status 8/31/2026 5/31/2026 Change % Change
2026-09-07 10:46:14,182 - INFO -   [text line  5] Funded Accounts 662,734 644,759 17,975 2.8%
2026-09-07 10:46:14,182 - INFO -   [text line  6] Payroll Contributing Accounts 794,973 769,087 25,886 3.4%
2026-09-07 10:46:14,182 - INFO -   [text line  7] Multiple Employer Accounts* 127,858 123,453 4,405 3.6%
2026-09-07 10:46:14,182 - INFO -   [text line  8] Self-Enrolled Funded Accounts 3,568 3,448 120 3.5%
2026-09-07 10:46:14,182 - INFO -   [text line  9] Effective Opt-Out Rate 34.43% 34.87% -0.44% -1.3%
2026-09-07 10:46:14,182 - INFO -   [text line 10] Funding Amounts and Withdrawals
2026-09-07 10:46:14,182 - INFO -   [text line 11] Funding Amounts 8/31/2026 5/31/2026 Change % Change
2026-09-07 10:46:14,182 - INFO -   [text line 12] Total Assets $1,950,268,841 $1,857,646,944 $92,621,897 5.0%
2026-09-07 10:46:14,182 - INFO -   [text line 13] Average Funded Account Balance $2,943 $2,881 $62 2.2%
2026-09-07 10:46:14,182 - INFO -   [text line 14] Median Funded Account Balance $704 $687 $17 2.5%
2026-09-07 10:46:14,182 - INFO - Section 'participant_savings': current date = 08/31/2026
2026-09-07 10:46:14,182 - INFO -   [participant_savings] 'Funded Accounts' -> CSAIRAD.PARTICIPANTS.FUNDEDACCOUNTS.M = 662734  (raw: '662,734')
2026-09-07 10:46:14,182 - INFO -   [participant_savings] 'Payroll Contributing Accounts' -> CSAIRAD.PARTICIPANTS.PAYROLLCONTRIBUTINGACCOUNTS.M = 794973  (raw: '794,973')
2026-09-07 10:46:14,182 - INFO -   [participant_savings] 'Multiple Employer Accounts' -> CSAIRAD.PARTICIPANTS.MULTIPLEEMPLOYERACCOUNTS.M = 127858  (raw: '127,858')
2026-09-07 10:46:14,186 - INFO -   [participant_savings] 'Self-Enrolled Funded Accounts' -> CSAIRAD.PARTICIPANTS.SELFENROLLEDFUNDEDACCOUNTS.M = 3568  (raw: '3,568')
2026-09-07 10:46:14,186 - INFO -   [participant_savings] 'Effective Opt-Out Rate' -> CSAIRAD.PARTICIPANTS.EFFECTIVEOPTOUTRATE.M = 34.43  (raw: '34.43%')
2026-09-07 10:46:14,186 - INFO - Section 'participant_savings': 5/5 fields extracted
2026-09-07 10:46:14,186 - INFO - Section 'funding_amounts': region='right', text length=1209 chars
2026-09-07 10:46:14,186 - INFO -   [text line  0] ment Savings Program
2026-09-07 10:46:14,186 - INFO -   [text line  1] www.treasurer.ca.gov/calsavers/reports/2026
2026-09-07 10:46:14,186 - INFO -   [text line  2] g Snapshot as of 8/31/2026
2026-09-07 10:46:14,186 - INFO -   [text line  3] Participant Savings and Enrollment Changes
2026-09-07 10:46:14,186 - INFO -   [text line  4] Participant Account Status 8/31/2026 5/31/2026 Change % Change
2026-09-07 10:46:14,186 - INFO -   [text line  5] Funded Accounts 662,734 644,759 17,975 2.8%
2026-09-07 10:46:14,190 - INFO -   [text line  6] Payroll Contributing Accounts 794,973 769,087 25,886 3.4%
2026-09-07 10:46:14,190 - INFO -   [text line  7] Multiple Employer Accounts* 127,858 123,453 4,405 3.6%
2026-09-07 10:46:14,190 - INFO -   [text line  8] Self-Enrolled Funded Accounts 3,568 3,448 120 3.5%
2026-09-07 10:46:14,190 - INFO -   [text line  9] Effective Opt-Out Rate 34.43% 34.87% -0.44% -1.3%
2026-09-07 10:46:14,190 - INFO -   [text line 10] Funding Amounts and Withdrawals
2026-09-07 10:46:14,190 - INFO -   [text line 11] Funding Amounts 8/31/2026 5/31/2026 Change % Change
2026-09-07 10:46:14,190 - INFO -   [text line 12] Total Assets $1,950,268,841 $1,857,646,944 $92,621,897 5.0%
2026-09-07 10:46:14,190 - INFO -   [text line 13] Average Funded Account Balance $2,943 $2,881 $62 2.2%
2026-09-07 10:46:14,190 - INFO -   [text line 14] Median Funded Account Balance $704 $687 $17 2.5%
2026-09-07 10:46:14,190 - INFO - Section 'funding_amounts': current date = 08/31/2026
2026-09-07 10:46:14,190 - INFO -   [funding_amounts] 'Total Assets' -> CSAIRAD.FUNDING.TOTALASSETS.M = 1950268841.0  (raw: '$1,950,268,841')
2026-09-07 10:46:14,190 - INFO -   [funding_amounts] 'Average Funded Account Balance' -> CSAIRAD.FUNDING.AVGFUNDEDACCOUNTBAL.M = 2943.0  (raw: '$2,943')
2026-09-07 10:46:14,190 - INFO -   [funding_amounts] 'Total Contributions Amount' -> CSAIRAD.FUNDING.TTLCONTRIBUTIONSAMOUNT.M = 2091719418.0  (raw: '$2,091,719,418')
2026-09-07 10:46:14,194 - INFO -   [funding_amounts] 'Average Monthly Contribution Amount' -> CSAIRAD.FUNDING.AVGMONTHLYCONTRIBUTIONAMOUNT.M = 203.0  (raw: '$203')
2026-09-07 10:46:14,194 - INFO -   [funding_amounts] 'Median Monthly Contribution Amount' -> CSAIRAD.FUNDING.MEDIANMONTHLYCONTRIBUTIONAMOUNT.M = 151.0  (raw: '$151')
2026-09-07 10:46:14,194 - INFO -   [funding_amounts] 'Average Contribution Rate' -> CSAIRAD.FUNDING.AVERAGECONTRIBUTIONRATE.M = 5.24  (raw: '5.24%')
2026-09-07 10:46:14,194 - INFO -   [funding_amounts] 'Amount of Withdrawals' -> CSAIRAD.FUNDING.AMOUNTWITHDRAWALS.M = 675647142.0  (raw: '$675,647,142')
2026-09-07 10:46:14,194 - INFO -   [funding_amounts] 'Accounts with a Full Withdrawal' -> CSAIRAD.FUNDING.ACCOUNTSWITHFULLWITHDRAWAL.M = 205784  (raw: '205,784')
2026-09-07 10:46:14,198 - INFO -   [funding_amounts] 'Accounts with a Partial Withdrawal' -> CSAIRAD.FUNDING.ACCOUNTSWITHPARTIALWITHDRAWAL.M = 41864  (raw: '41,864')
2026-09-07 10:46:14,198 - INFO -   [funding_amounts] 'Withdrawal Rate' -> CSAIRAD.FUNDING.WITHDRAWALRATE.M = 25.89  (raw: '25.89%')
2026-09-07 10:46:14,198 - INFO - Section 'funding_amounts': 10/10 fields extracted
2026-09-07 10:46:14,202 - INFO - Step 3: All section dates match report month — no prior PDF needed
2026-09-07 10:46:14,202 - INFO - Step 4: Applying field mapping logic...
2026-09-07 10:46:14,202 - INFO - Step 5: Writing row to CSV...
2026-09-07 10:46:14,202 - INFO - CSV not found — creating new file: output/CSAIRAD_DATA.csv
2026-09-07 10:46:14,210 - INFO - CSV updated: output/CSAIRAD_DATA.csv
2026-09-07 10:46:14,210 - INFO - Row written: 2026-08,282576,253879,79795,51485,268571,662734,794973,127858,3568,34.43,1950268841.0,2943.0,2091719418.0,203.0,151.0,5.24,675647142.0,205784,41864,25.89
2026-09-07 10:46:14,210 - INFO - Step 6: Writing output file...
2026-09-07 10:46:14,214 - INFO - Output file written: output\2026-08_mapped.csv
2026-09-07 10:46:14,214 - INFO - ============================================================
2026-09-07 10:46:14,214 - INFO - MAPPER COMPLETED  —  row '2026-08' written
2026-09-07 10:46:14,214 - INFO - Fields written : 20/20
2026-09-07 10:46:14,214 - INFO - Fields skipped : 0/20
2026-09-07 10:46:14,214 - INFO - Output file    : output\2026-08_mapped.csv
2026-09-07 10:46:14,214 - INFO - ============================================================
2026-09-07 10:46:14,214 - INFO - Pipeline completed: scrape -> download -> map -> output
